[ 2025-10-21 12:04:19,867 ] INFO - NumExpr defaulting to 12 threads.
[ 2025-10-21 12:04:26,104 ] INFO - === Starting data ingestion pipeline ===
[ 2025-10-21 12:04:26,105 ] INFO - Entered the data ingestion method or component
[ 2025-10-21 12:04:26,105 ] INFO - Attempting to read CSV from: notebook\study.csv
[ 2025-10-21 12:04:26,169 ] INFO - Read the dataset as dataframe
[ 2025-10-21 12:04:26,169 ] INFO - Dataset shape: (1000, 8)
[ 2025-10-21 12:04:26,183 ] INFO - Saved raw data to: artifacts\data.csv
[ 2025-10-21 12:04:26,183 ] INFO - Train test split initiated
[ 2025-10-21 12:04:26,208 ] INFO - Saved train data to: artifacts\train.csv
[ 2025-10-21 12:04:26,209 ] INFO - Saved test data to: artifacts\test.csv
[ 2025-10-21 12:04:26,209 ] INFO - Ingestion of the data is completed
[ 2025-10-21 12:04:26,210 ] INFO - Data ingestion successful: artifacts\train.csv, artifacts\test.csv
[ 2025-10-21 12:04:26,273 ] INFO - Read train and test data completed
[ 2025-10-21 12:04:26,273 ] INFO - Obtaining preprocessing object
[ 2025-10-21 12:04:26,273 ] INFO - Categorical columns: ['gender', 'race/ethnicity', 'parental level of education', 'lunch', 'test preparation course']
[ 2025-10-21 12:04:26,273 ] INFO - Numerical columns: ['reading score', 'writing score']
[ 2025-10-21 12:04:26,280 ] INFO - Applying preprocessing object on training and testing dataframes
[ 2025-10-21 12:04:26,342 ] INFO - Preprocessing object saved to: artifacts\preprocessor.pkl
[ 2025-10-21 12:04:26,342 ] INFO - Data transformation completed
[ 2025-10-21 12:04:26,342 ] INFO - Split training and test input data
[ 2025-10-21 12:07:21,217 ] INFO - Best found model on both training and testing dataset
[ 2025-10-21 12:07:21,231 ] INFO - Model training result: 0.8804332983749564
