[ 2025-10-21 12:14:57,683 ] INFO - NumExpr defaulting to 12 threads.
[ 2025-10-21 12:15:04,537 ] INFO - === Starting data ingestion pipeline ===
[ 2025-10-21 12:15:04,538 ] INFO - Entered the data ingestion method or component
[ 2025-10-21 12:15:04,538 ] INFO - Attempting to read CSV from: notebook\study.csv
[ 2025-10-21 12:15:04,565 ] INFO - Read the dataset as dataframe
[ 2025-10-21 12:15:04,565 ] INFO - Dataset shape: (1000, 8)
[ 2025-10-21 12:15:04,578 ] INFO - Saved raw data to: artifacts\data.csv
[ 2025-10-21 12:15:04,578 ] INFO - Train test split initiated
[ 2025-10-21 12:15:04,594 ] INFO - Saved train data to: artifacts\train.csv
[ 2025-10-21 12:15:04,595 ] INFO - Saved test data to: artifacts\test.csv
[ 2025-10-21 12:15:04,595 ] INFO - Ingestion of the data is completed
[ 2025-10-21 12:15:04,595 ] INFO - Data ingestion successful: artifacts\train.csv, artifacts\test.csv
[ 2025-10-21 12:15:04,671 ] INFO - Read train and test data completed
[ 2025-10-21 12:15:04,672 ] INFO - Obtaining preprocessing object
[ 2025-10-21 12:15:04,672 ] INFO - Categorical columns: ['gender', 'race/ethnicity', 'parental level of education', 'lunch', 'test preparation course']
[ 2025-10-21 12:15:04,672 ] INFO - Numerical columns: ['reading score', 'writing score']
[ 2025-10-21 12:15:04,676 ] INFO - Applying preprocessing object on training and testing dataframes
[ 2025-10-21 12:15:04,725 ] INFO - Preprocessing object saved to: artifacts\preprocessor.pkl
[ 2025-10-21 12:15:04,726 ] INFO - Data transformation completed
[ 2025-10-21 12:15:04,726 ] INFO - Split training and test input data
[ 2025-10-21 12:17:08,201 ] INFO - Best found model on both training and testing dataset
[ 2025-10-21 12:17:08,215 ] INFO - Model training result: 0.8804332983749564
